[
  {
    "rule_id": "NOIR100",
    "severity": "warning",
    "confidence": "high",
    "policy": "maintainability",
    "message": "magic number `4` should be named",
    "primary_span": {
      "file": "src/main.nr",
      "start": 21,
      "end": 22,
      "line": 1,
      "col": 22
    },
    "secondary_spans": [],
    "suggestions": [],
    "helps": [
      {
        "message": "extract this literal into a named constant for readability"
      }
    ],
    "structured_suggestions": [
      {
        "message": "replace `4` with a named constant",
        "span": {
          "file": "src/main.nr",
          "start": 21,
          "end": 22,
          "line": 1,
          "col": 22
        },
        "replacement": "NAMED_CONSTANT",
        "applicability": "maybe_incorrect"
      }
    ],
    "suggestion_groups": [
      {
        "id": "sg0001",
        "message": "replace `4` with a named constant",
        "applicability": "maybe_incorrect",
        "edits": [
          {
            "span": {
              "file": "src/main.nr",
              "start": 21,
              "end": 22,
              "line": 1,
              "col": 22
            },
            "replacement": "NAMED_CONSTANT"
          }
        ]
      }
    ],
    "fixes": [
      {
        "description": "replace `4` with a named constant",
        "span": {
          "file": "src/main.nr",
          "start": 21,
          "end": 22,
          "line": 1,
          "col": 22
        },
        "replacement": "NAMED_CONSTANT",
        "safety": "needs_review"
      }
    ],
    "suppressed": false,
    "suppression_reason": null
  }
]
